=================================================
08_weather_consolidate.py
Started: Thu Jul  9 16:16:01 IST 2026
Node   : cn39-a40.prajna.iitb.ac.in
=================================================

Input:
total 8.0K
drwx---rwx 17 25d0295 ride 4.0K Jul  8 14:55 mumbai_openmeteo_10km_grid_data
drwx---rwx 17 25d0295 ride 4.0K Jul  8 14:56 mumbai_openmeteo_10km_grid_data_Prelim
-rw-r--r-- 1 25d0295 ride 359K Jul  9 02:07 data/processed/stops_clean.csv

Study window: 2021-09-01 → 2022-10-22
Weather root: /home/ride/25d0295/urban-mobility-platform/research/cityflo/data/raw/WeatherData/mumbai_openmeteo_10km_grid_data

Step 1: Consolidating grid-level weather...
Grid directories found: 15
  G001: 5,976 hourly rows
  G002: 7,080 hourly rows
  G003: 7,080 hourly rows
  G004: 7,080 hourly rows
  G005: 7,080 hourly rows
  G006: 7,080 hourly rows
  G007: 7,080 hourly rows
  G008: 7,080 hourly rows
  G009: 7,080 hourly rows
  G010: 7,080 hourly rows
  G011: 7,080 hourly rows
  G012: 7,080 hourly rows
  G013: 7,080 hourly rows
  G014: 7,080 hourly rows
  G015: 7,080 hourly rows
Master grid weather: 105,096 rows  |  15 grid points
  Grid master → /home/ride/25d0295/urban-mobility-platform/research/cityflo/data/processed/weather_grid_master.parquet

Step 2: Vectorized IDW interpolation to stops (streamed to disk)...
  Building dense weather tensor (15 variables)...
  Unique hourly timestamps: 7,080
  Interpolating 15 weather variables to 5,520 stops (chunk size 200)...
    stops 0-200/5,520  (1,416,000 rows written so far)
    stops 200-400/5,520  (2,832,000 rows written so far)
    stops 400-600/5,520  (4,248,000 rows written so far)
    stops 600-800/5,520  (5,664,000 rows written so far)
    stops 800-1,000/5,520  (7,080,000 rows written so far)
    stops 1,000-1,200/5,520  (8,496,000 rows written so far)
    stops 1,200-1,400/5,520  (9,912,000 rows written so far)
    stops 1,400-1,600/5,520  (11,328,000 rows written so far)
    stops 1,600-1,800/5,520  (12,744,000 rows written so far)
    stops 1,800-2,000/5,520  (14,160,000 rows written so far)
    stops 2,000-2,200/5,520  (15,576,000 rows written so far)
    stops 2,200-2,400/5,520  (16,992,000 rows written so far)
    stops 2,400-2,600/5,520  (18,408,000 rows written so far)
    stops 2,600-2,800/5,520  (19,824,000 rows written so far)
    stops 2,800-3,000/5,520  (21,240,000 rows written so far)
    stops 3,000-3,200/5,520  (22,656,000 rows written so far)
    stops 3,200-3,400/5,520  (24,072,000 rows written so far)
    stops 3,400-3,600/5,520  (25,488,000 rows written so far)
    stops 3,600-3,800/5,520  (26,904,000 rows written so far)
    stops 3,800-4,000/5,520  (28,320,000 rows written so far)
    stops 4,000-4,200/5,520  (29,736,000 rows written so far)
    stops 4,200-4,400/5,520  (31,152,000 rows written so far)
    stops 4,400-4,600/5,520  (32,568,000 rows written so far)
    stops 4,600-4,800/5,520  (33,984,000 rows written so far)
    stops 4,800-5,000/5,520  (35,400,000 rows written so far)
    stops 5,000-5,200/5,520  (36,816,000 rows written so far)
    stops 5,200-5,400/5,520  (38,232,000 rows written so far)
    stops 5,400-5,520/5,520  (39,081,600 rows written so far)

Stop-level weather → /home/ride/25d0295/urban-mobility-platform/research/cityflo/data/processed/weather_stop_hourly.parquet
   Rows: 39,081,600

Output:
-rw-r--r-- 1 25d0295 ride 2.2M Jul  9 16:17 data/processed/weather_grid_master.parquet
-rw-r--r-- 1 25d0295 ride 2.2G Jul  9 16:20 data/processed/weather_stop_hourly.parquet

Finished: Thu Jul  9 16:20:19 IST 2026
